###############################################################################
#
# IAR ELF Linker V9.40.2.374/W64 for ARM                  13/Oct/2023  20:23:57
# Copyright 2007-2023 IAR Systems AB.
#
#    Output file  =  C:\AutomotiveEmbedded_Programming\LAB_1\Debug\Exe\main.out
#    Map file     =
#        C:\AutomotiveEmbedded_Programming\LAB_1\Debug\List\main.map
#    Command line =
#        -f C:\AutomotiveEmbedded_Programming\LAB_1\Debug\Exe\main.out.rsp
#        (C:\AutomotiveEmbedded_Programming\LAB_1\Debug\Obj\main.o
#        C:\AutomotiveEmbedded_Programming\LAB_1\Debug\Obj\Port_Config.o
#        C:\AutomotiveEmbedded_Programming\LAB_1\Debug\Obj\scheduler.o
#        C:\AutomotiveEmbedded_Programming\LAB_1\Debug\Obj\startup_ewarm.o
#        C:\AutomotiveEmbedded_Programming\LAB_1\Debug\Obj\SysTick.o
#        --no_out_extension -o
#        C:\AutomotiveEmbedded_Programming\LAB_1\Debug\Exe\main.out --redirect
#        _Printf=_PrintfFullNoMb --redirect _Scanf=_ScanfFullNoMb --map
#        C:\AutomotiveEmbedded_Programming\LAB_1\Debug\List\main.map --config
#        "C:\Program Files\IAR Systems\Embedded Workbench
#        9.2\arm/config/linker/TexasInstruments/TM4C123GH6.icf" --semihosting
#        --entry __iar_program_start --vfe --text_out locale --cpu=Cortex-M4
#        --fpu=None) --dependencies=n
#        C:\AutomotiveEmbedded_Programming\LAB_1\Debug\Exe\main.out.iar_deps
#
###############################################################################

*******************************************************************************
*** RUNTIME MODEL ATTRIBUTES
***

CppFlavor       = *
__CPP_Runtime   = 1
__SystemLibrary = DLib
__dlib_version  = 6


*******************************************************************************
*** HEAP SELECTION
***

The basic heap was selected because --advanced_heap
was not specified and the application did not appear to
be primarily optimized for speed.


*******************************************************************************
*** PLACEMENT SUMMARY
***

"A0":  place at address 0x0 { ro section .intvec };
"P1":  place in [from 0x0 to 0x3'ffff] { ro };
define block CSTACK with size = 4K, alignment = 8 { };
define block HEAP with size = 8K, alignment = 8 { };
"P2":  place in [from 0x2000'0000 to 0x2000'7fff] {
          rw, block CSTACK, block HEAP };
do not initialize { rw section .noinit };

  Section          Kind         Address   Size  Object
  -------          ----         -------   ----  ------
"A0":                                    0x26c
  .intvec          const            0x0  0x26c  startup_ewarm.o [1]
                                - 0x26c  0x26c

"P1":                                    0x208
  .text            ro code        0x26c   0xfc  main.o [1]
  .text            ro code        0x368   0x38  zero_init3.o [3]
  .text            ro code        0x3a0   0x28  data_init.o [3]
  .iar.init_table  const          0x3c8   0x10  - Linker created -
  .text            ro code        0x3d8   0x1e  startup_ewarm.o [1]
  .text            ro code        0x3f8   0x1c  cstartup_M.o [3]
  .text            ro code        0x414   0x1e  cmain.o [3]
  .text            ro code        0x432    0x4  low_level_init.o [2]
  .text            ro code        0x436    0x4  exit.o [2]
  .text            ro code        0x43c    0xa  cexit.o [3]
  .text            ro code        0x448   0x14  exit.o [4]
  .text            ro code        0x45c   0x18  SysTick.o [1]
  .rodata          const          0x474    0x0  zero_init3.o [3]
                                - 0x474  0x208

"P2", part 1 of 2:                         0xc
  .bss             zero     0x2000'0000    0x4  SysTick.o [1]
  .bss             zero     0x2000'0004    0x4  SysTick.o [1]
  .bss             zero     0x2000'0008    0x1  main.o [1]
                          - 0x2000'0009    0x9

"P2", part 2 of 2:                       0x200
  .noinit          uninit   0x2000'000c  0x200  startup_ewarm.o [1]
                          - 0x2000'020c  0x200

Unused ranges:

         From           To      Size
         ----           --      ----
        0x474     0x3'ffff  0x3'fb8c
  0x2000'020c  0x2000'7fff    0x7df4


*******************************************************************************
*** INIT TABLE
***

          Address      Size
          -------      ----
Zero (__iar_zero_init3)
    1 destination range, total size 0x9:
          0x2000'0000   0x9



*******************************************************************************
*** MODULE SUMMARY
***

    Module            ro code  ro data  rw data
    ------            -------  -------  -------
command line/config:
    -------------------------------------------
    Total:

C:\AutomotiveEmbedded_Programming\LAB_1\Debug\Obj: [1]
    SysTick.o              24                 8
    main.o                252                 1
    startup_ewarm.o        30      620      512
    -------------------------------------------
    Total:                306      620      521

dl7M_tln.a: [2]
    exit.o                  4
    low_level_init.o        4
    -------------------------------------------
    Total:                  8

rt7M_tl.a: [3]
    cexit.o                10
    cmain.o                30
    cstartup_M.o           28
    data_init.o            40
    zero_init3.o           56
    -------------------------------------------
    Total:                164

shb_l.a: [4]
    exit.o                 20
    -------------------------------------------
    Total:                 20

    Gaps                    6
    Linker created                  16
-----------------------------------------------
    Grand Total:          504      636      521


*******************************************************************************
*** ENTRY LIST
***

Entry                       Address   Size  Type      Object
-----                       -------   ----  ----      ------
.iar.init_table$$Base         0x3c8          --   Gb  - Linker created -
.iar.init_table$$Limit        0x3d8          --   Gb  - Linker created -
?main                         0x415         Code  Gb  cmain.o [3]
FaultISR                      0x3f3    0x2  Code  Lc  startup_ewarm.o [1]
IntDefaultHandler             0x3f5    0x2  Code  Lc  startup_ewarm.o [1]
NmiSR                         0x3f1    0x2  Code  Lc  startup_ewarm.o [1]
Region$$Table$$Base           0x3c8          --   Gb  - Linker created -
Region$$Table$$Limit          0x3d8          --   Gb  - Linker created -
ResetISR                      0x3d9   0x12  Code  Gb  startup_ewarm.o [1]
SysTick_Handler               0x45d   0x10  Code  Gb  SysTick.o [1]
__cmain                       0x415         Code  Gb  cmain.o [3]
__exit                        0x449   0x14  Code  Gb  exit.o [4]
__iar_data_init3              0x3a1   0x28  Code  Gb  data_init.o [3]
__iar_program_start           0x3f9         Code  Gb  cstartup_M.o [3]
__iar_zero_init3              0x369   0x38  Code  Gb  zero_init3.o [3]
__low_level_init              0x433    0x4  Code  Gb  low_level_init.o [2]
__vector_table                  0x0  0x26c  Data  Gb  startup_ewarm.o [1]
_call_main                    0x421         Code  Gb  cmain.o [3]
_exit                         0x43d         Code  Gb  cexit.o [3]
counter                 0x2000'0000    0x4  Data  Gb  SysTick.o [1]
currentState            0x2000'0008    0x1  Data  Gb  main.o [1]
debounceDelay                 0x2a7    0xe  Code  Gb  main.o [1]
exit                          0x437    0x4  Code  Gb  exit.o [2]
flag                    0x2000'0004    0x4  Data  Gb  SysTick.o [1]
main                          0x2b5   0x98  Code  Gb  main.o [1]
pui32Stack              0x2000'000c  0x200  Data  Lc  startup_ewarm.o [1]
setup                         0x26d   0x3a  Code  Gb  main.o [1]


[1] = C:\AutomotiveEmbedded_Programming\LAB_1\Debug\Obj
[2] = dl7M_tln.a
[3] = rt7M_tl.a
[4] = shb_l.a

  504 bytes of readonly  code memory
  636 bytes of readonly  data memory
  521 bytes of readwrite data memory

Errors: none
Warnings: none
